EN register_16 NULL /home/ise/Xil_proj/submit/rcs1/register_16.vhd sub00/vhpl08 1643493894
AR keygenerator behavioral /home/ise/Xil_proj/submit/rcs1/keygenerator.vhd sub00/vhpl23 1643493903
EN roundcounter NULL /home/ise/Xil_proj/submit/rcs2/roundcounter.vhd sub00/vhpl16 1643502680
AR addop behavioral /home/ise/Xil_proj/submit/rcs2/addop.vhd sub00/vhpl03 1643493889
EN mulop NULL /home/ise/Xil_proj/submit/rcs2/mulop.vhd sub00/vhpl00 1643493886
AR idea_rcs2 structural /home/ise/Xil_proj/submit/rcs2/idea_rcs2.vhd sub00/vhpl19 1643493909
AR register_16 behavioral /home/ise/Xil_proj/submit/rcs1/register_16.vhd sub00/vhpl09 1643493895
EN datapath NULL /home/ise/Xil_proj/submit/rcs2/datapath.vhd sub00/vhpl10 1643493896
EN addop NULL /home/ise/Xil_proj/submit/rcs2/addop.vhd sub00/vhpl02 1643493888
AR roundcounter behavioral /home/ise/Xil_proj/submit/rcs2/roundcounter.vhd sub00/vhpl17 1643502681
EN mux2x1 NULL /home/ise/Xil_proj/submit/rcs1/mux2x1.vhd sub00/vhpl20 1643493900
AR mux2x1 behavioral /home/ise/Xil_proj/submit/rcs1/mux2x1.vhd sub00/vhpl21 1643493901
EN idea_rcs2 NULL /home/ise/Xil_proj/submit/rcs2/idea_rcs2.vhd sub00/vhpl18 1643493908
EN mux4x1 NULL /home/ise/Xil_proj/submit/rcs2/mux4x1.vhd sub00/vhpl06 1643493892
AR mux4x1 behavioral /home/ise/Xil_proj/submit/rcs2/mux4x1.vhd sub00/vhpl07 1643493893
EN xorop NULL /home/ise/Xil_proj/submit/rcs2/xorop.vhd sub00/vhpl04 1643493890
EN control NULL /home/ise/Xil_proj/submit/rcs2/control.vhd sub00/vhpl12 1643493898
AR mulop behavioral /home/ise/Xil_proj/submit/rcs2/mulop.vhd sub00/vhpl01 1643493887
AR control behavioral /home/ise/Xil_proj/submit/rcs2/control.vhd sub00/vhpl13 1643493899
AR datapath behavioral /home/ise/Xil_proj/submit/rcs2/datapath.vhd sub00/vhpl11 1643493897
EN clockedround NULL /home/ise/Xil_proj/submit/rcs2/clockedround.vhd sub00/vhpl14 1643493904
AR xorop behavioral /home/ise/Xil_proj/submit/rcs2/xorop.vhd sub00/vhpl05 1643493891
AR clockedround structural /home/ise/Xil_proj/submit/rcs2/clockedround.vhd sub00/vhpl15 1643493905
EN keygenerator NULL /home/ise/Xil_proj/submit/rcs1/keygenerator.vhd sub00/vhpl22 1643493902
