V3 47
FL /home/ise/Xil_proj/submit/rcs1/keygenerator.vhd 2022/01/25.09:07:40 P.20131013
EN work/keygenerator 1643493902 \
      FL /home/ise/Xil_proj/submit/rcs1/keygenerator.vhd PB ieee/std_logic_1164 1381692176
AR work/keygenerator/Behavioral 1643493903 \
      FL /home/ise/Xil_proj/submit/rcs1/keygenerator.vhd EN work/keygenerator 1643493902
FL /home/ise/Xil_proj/submit/rcs1/mux2x1.vhd 2022/01/06.23:50:06 P.20131013
EN work/mux2x1 1643493900 FL /home/ise/Xil_proj/submit/rcs1/mux2x1.vhd \
      PB ieee/std_logic_1164 1381692176
AR work/mux2x1/Behavioral 1643493901 \
      FL /home/ise/Xil_proj/submit/rcs1/mux2x1.vhd EN work/mux2x1 1643493900
FL /home/ise/Xil_proj/submit/rcs1/register_16.vhd 2022/01/02.17:20:27 P.20131013
EN work/register_16 1643493894 FL /home/ise/Xil_proj/submit/rcs1/register_16.vhd \
      PB ieee/std_logic_1164 1381692176
AR work/register_16/Behavioral 1643493895 \
      FL /home/ise/Xil_proj/submit/rcs1/register_16.vhd EN work/register_16 1643493894
FL /home/ise/Xil_proj/submit/rcs2/addop.vhd 2021/11/26.10:53:22 P.20131013
EN work/addop 1643493888 FL /home/ise/Xil_proj/submit/rcs2/addop.vhd \
      PB ieee/std_logic_1164 1381692176 PB ieee/STD_LOGIC_UNSIGNED 1381692179
AR work/addop/Behavioral 1643493889 \
      FL /home/ise/Xil_proj/submit/rcs2/addop.vhd EN work/addop 1643493888
FL /home/ise/Xil_proj/submit/rcs2/clockedround.vhd 2022/01/29.11:59:53 P.20131013
EN work/clockedround 1643493904 \
      FL /home/ise/Xil_proj/submit/rcs2/clockedround.vhd PB ieee/std_logic_1164 1381692176
AR work/clockedround/Structural 1643493905 \
      FL /home/ise/Xil_proj/submit/rcs2/clockedround.vhd EN work/clockedround 1643493904 \
      CP datapath CP control
FL /home/ise/Xil_proj/submit/rcs2/control.vhd 2022/01/26.20:39:05 P.20131013
EN work/control 1643493898 FL /home/ise/Xil_proj/submit/rcs2/control.vhd \
      PB ieee/std_logic_1164 1381692176 PB ieee/STD_LOGIC_UNSIGNED 1381692179
AR work/control/Behavioral 1643493899 \
      FL /home/ise/Xil_proj/submit/rcs2/control.vhd EN work/control 1643493898
FL /home/ise/Xil_proj/submit/rcs2/datapath.vhd 2022/01/29.16:54:34 P.20131013
EN work/datapath 1643493896 FL /home/ise/Xil_proj/submit/rcs2/datapath.vhd \
      PB ieee/std_logic_1164 1381692176
AR work/datapath/Behavioral 1643493897 \
      FL /home/ise/Xil_proj/submit/rcs2/datapath.vhd EN work/datapath 1643493896 \
      CP mulop CP addop CP xorop CP mux4x1 CP register_16
FL /home/ise/Xil_proj/submit/rcs2/idea_rcs2.vhd 2022/01/29.22:20:08 P.20131013
EN work/idea_rcs2 1643493908 FL /home/ise/Xil_proj/submit/rcs2/idea_rcs2.vhd \
      PB ieee/std_logic_1164 1381692176
AR work/idea_rcs2/Structural 1643493909 \
      FL /home/ise/Xil_proj/submit/rcs2/idea_rcs2.vhd EN work/idea_rcs2 1643493908 \
      CP mux2x1 CP register_16 CP keygenerator CP clockedround CP roundcounter
FL /home/ise/Xil_proj/submit/rcs2/mulop.vhd 2021/11/26.11:54:29 P.20131013
EN work/mulop 1643493886 FL /home/ise/Xil_proj/submit/rcs2/mulop.vhd \
      PB ieee/std_logic_1164 1381692176 PB ieee/STD_LOGIC_UNSIGNED 1381692179
AR work/mulop/Behavioral 1643493887 \
      FL /home/ise/Xil_proj/submit/rcs2/mulop.vhd EN work/mulop 1643493886
FL /home/ise/Xil_proj/submit/rcs2/mux4x1.vhd 2022/01/25.10:40:00 P.20131013
EN work/mux4x1 1643493892 FL /home/ise/Xil_proj/submit/rcs2/mux4x1.vhd \
      PB ieee/std_logic_1164 1381692176
AR work/mux4x1/Behavioral 1643493893 \
      FL /home/ise/Xil_proj/submit/rcs2/mux4x1.vhd EN work/mux4x1 1643493892
FL /home/ise/Xil_proj/submit/rcs2/roundcounter.vhd 2022/01/30.00:46:41 P.20131013
EN work/roundcounter 1643502680 \
      FL /home/ise/Xil_proj/submit/rcs2/roundcounter.vhd PB ieee/std_logic_1164 1381692176 \
      PB ieee/STD_LOGIC_UNSIGNED 1381692179
AR work/roundcounter/Behavioral 1643502681 \
      FL /home/ise/Xil_proj/submit/rcs2/roundcounter.vhd EN work/roundcounter 1643502680
FL /home/ise/Xil_proj/submit/rcs2/xorop.vhd 2021/11/26.10:35:42 P.20131013
EN work/xorop 1643493890 FL /home/ise/Xil_proj/submit/rcs2/xorop.vhd \
      PB ieee/std_logic_1164 1381692176
AR work/xorop/Behavioral 1643493891 \
      FL /home/ise/Xil_proj/submit/rcs2/xorop.vhd EN work/xorop 1643493890
