EN register_16 NULL /home/ise/Xil_proj/submit/rcs1/register_16.vhd sub00/vhpl15 1641493795
AR keygenerator behavioral /home/ise/Xil_proj/submit/rcs1/keygenerator.vhd sub00/vhpl12 1641493792
AR addop behavioral /home/ise/Xil_proj/submit/rcs1/addop.vhd sub00/vhpl06 1641493784
EN mulop NULL /home/ise/Xil_proj/submit/rcs1/mulop.vhd sub00/vhpl03 1641493781
AR register_16 behavioral /home/ise/Xil_proj/submit/rcs1/register_16.vhd sub00/vhpl16 1641493796
EN trafo NULL /home/ise/Xil_proj/submit/rcs1/trafo.vhd sub00/vhpl17 1641493797
AR round behavioral /home/ise/Xil_proj/submit/rcs1/round.vhd sub00/vhpl14 1641493794
EN addop NULL /home/ise/Xil_proj/submit/rcs1/addop.vhd sub00/vhpl05 1641493783
EN mux2x1 NULL /home/ise/Xil_proj/submit/rcs1/mux2x1.vhd sub00/vhpl09 1641493787
AR mux2x1 behavioral /home/ise/Xil_proj/submit/rcs1/mux2x1.vhd sub00/vhpl10 1641493788
AR trafo behavioral /home/ise/Xil_proj/submit/rcs1/trafo.vhd sub00/vhpl18 1641493798
EN round NULL /home/ise/Xil_proj/submit/rcs1/round.vhd sub00/vhpl13 1641493793
EN xorop NULL /home/ise/Xil_proj/submit/rcs1/xorop.vhd sub00/vhpl07 1641493785
EN control NULL /home/ise/Xil_proj/submit/rcs1/control.vhd sub00/vhpl00 1641493789
AR mulop behavioral /home/ise/Xil_proj/submit/rcs1/mulop.vhd sub00/vhpl04 1641493782
AR idea_single structural /home/ise/Xil_proj/submit/rcs1/idea_single.vhd sub00/vhpl19 1641493800
AR control behavioral /home/ise/Xil_proj/submit/rcs1/control.vhd sub00/vhpl01 1641493790
AR xorop behavioral /home/ise/Xil_proj/submit/rcs1/xorop.vhd sub00/vhpl08 1641493786
EN idea_single NULL /home/ise/Xil_proj/submit/rcs1/idea_single.vhd sub00/vhpl02 1641493799
EN keygenerator NULL /home/ise/Xil_proj/submit/rcs1/keygenerator.vhd sub00/vhpl11 1641493791
