V3 39
FL /home/ise/Xil_proj/submit/rcs1/addop.vhd 2021/11/26.10:53:22 P.20131013
EN work/addop 1641493783 FL /home/ise/Xil_proj/submit/rcs1/addop.vhd \
      PB ieee/std_logic_1164 1381692176 PB ieee/STD_LOGIC_UNSIGNED 1381692179
AR work/addop/Behavioral 1641493784 \
      FL /home/ise/Xil_proj/submit/rcs1/addop.vhd EN work/addop 1641493783
FL /home/ise/Xil_proj/submit/rcs1/control.vhd 2022/01/06.02:37:39 P.20131013
EN work/control 1641493789 FL /home/ise/Xil_proj/submit/rcs1/control.vhd \
      PB ieee/std_logic_1164 1381692176
AR work/control/Behavioral 1641493790 \
      FL /home/ise/Xil_proj/submit/rcs1/control.vhd EN work/control 1641493789
FL /home/ise/Xil_proj/submit/rcs1/idea_single.vhd 2022/01/06.18:39:24 P.20131013
EN work/idea_single 1641493799 FL /home/ise/Xil_proj/submit/rcs1/idea_single.vhd \
      PB ieee/std_logic_1164 1381692176
AR work/idea_single/Structural 1641493800 \
      FL /home/ise/Xil_proj/submit/rcs1/idea_single.vhd EN work/idea_single 1641493799 \
      CP mux2x1 CP control CP keygenerator CP round CP register_16 CP trafo
FL /home/ise/Xil_proj/submit/rcs1/keygenerator.vhd 2022/01/03.23:19:46 P.20131013
EN work/keygenerator 1641493791 \
      FL /home/ise/Xil_proj/submit/rcs1/keygenerator.vhd PB ieee/std_logic_1164 1381692176
AR work/keygenerator/Behavioral 1641493792 \
      FL /home/ise/Xil_proj/submit/rcs1/keygenerator.vhd EN work/keygenerator 1641493791
FL /home/ise/Xil_proj/submit/rcs1/mulop.vhd 2021/11/26.11:54:29 P.20131013
EN work/mulop 1641493781 FL /home/ise/Xil_proj/submit/rcs1/mulop.vhd \
      PB ieee/std_logic_1164 1381692176 PB ieee/STD_LOGIC_UNSIGNED 1381692179
AR work/mulop/Behavioral 1641493782 \
      FL /home/ise/Xil_proj/submit/rcs1/mulop.vhd EN work/mulop 1641493781
FL /home/ise/Xil_proj/submit/rcs1/mux2x1.vhd 2022/01/02.17:35:43 P.20131013
EN work/mux2x1 1641493787 FL /home/ise/Xil_proj/submit/rcs1/mux2x1.vhd \
      PB ieee/std_logic_1164 1381692176
AR work/mux2x1/Behavioral 1641493788 \
      FL /home/ise/Xil_proj/submit/rcs1/mux2x1.vhd EN work/mux2x1 1641493787
FL /home/ise/Xil_proj/submit/rcs1/register_16.vhd 2022/01/02.17:20:27 P.20131013
EN work/register_16 1641493795 FL /home/ise/Xil_proj/submit/rcs1/register_16.vhd \
      PB ieee/std_logic_1164 1381692176
AR work/register_16/Behavioral 1641493796 \
      FL /home/ise/Xil_proj/submit/rcs1/register_16.vhd EN work/register_16 1641493795
FL /home/ise/Xil_proj/submit/rcs1/round.vhd 2021/11/19.18:08:29 P.20131013
EN work/round 1641493793 FL /home/ise/Xil_proj/submit/rcs1/round.vhd \
      PB ieee/std_logic_1164 1381692176
AR work/round/Behavioral 1641493794 \
      FL /home/ise/Xil_proj/submit/rcs1/round.vhd EN work/round 1641493793 \
      CP mulop CP addop CP xorop
FL /home/ise/Xil_proj/submit/rcs1/trafo.vhd 2021/11/19.19:00:05 P.20131013
EN work/trafo 1641493797 FL /home/ise/Xil_proj/submit/rcs1/trafo.vhd \
      PB ieee/std_logic_1164 1381692176
AR work/trafo/Behavioral 1641493798 \
      FL /home/ise/Xil_proj/submit/rcs1/trafo.vhd EN work/trafo 1641493797 \
      CP mulop CP addop
FL /home/ise/Xil_proj/submit/rcs1/xorop.vhd 2021/11/26.10:35:42 P.20131013
EN work/xorop 1641493785 FL /home/ise/Xil_proj/submit/rcs1/xorop.vhd \
      PB ieee/std_logic_1164 1381692176
AR work/xorop/Behavioral 1641493786 \
      FL /home/ise/Xil_proj/submit/rcs1/xorop.vhd EN work/xorop 1641493785
