EN register_16 NULL /home/ise/Xil_proj/submit/rcs2plus/register_16.vhd sub00/vhpl08 1644080168
AR addop behavioral /home/ise/Xil_proj/submit/rcs2plus/addop.vhd sub00/vhpl03 1644080163
EN mulop NULL /home/ise/Xil_proj/submit/rcs2plus/mulop.vhd sub00/vhpl00 1644080160
AR register_16 behavioral /home/ise/Xil_proj/submit/rcs2plus/register_16.vhd sub00/vhpl09 1644080169
EN datapath NULL /home/ise/Xil_proj/submit/rcs2plus/datapath.vhd sub00/vhpl10 1644080170
EN addop NULL /home/ise/Xil_proj/submit/rcs2plus/addop.vhd sub00/vhpl02 1644080162
EN mux4x1 NULL /home/ise/Xil_proj/submit/rcs2plus/mux4x1.vhd sub00/vhpl06 1644080166
AR mux4x1 behavioral /home/ise/Xil_proj/submit/rcs2plus/mux4x1.vhd sub00/vhpl07 1644080167
EN xorop NULL /home/ise/Xil_proj/submit/rcs2plus/xorop.vhd sub00/vhpl04 1644080164
EN control NULL /home/ise/Xil_proj/submit/rcs2plus/control.vhd sub00/vhpl13 1644080244
AR mulop behavioral /home/ise/Xil_proj/submit/rcs2plus/mulop.vhd sub00/vhpl01 1644080161
EN tb_datapath NULL /home/ise/Xil_proj/submit/rcs2plus/tb_datapath.vhd sub00/vhpl12 1644080172
AR control behavioral /home/ise/Xil_proj/submit/rcs2plus/control.vhd sub00/vhpl14 1644080245
AR datapath behavioral /home/ise/Xil_proj/submit/rcs2plus/datapath.vhd sub00/vhpl11 1644080171
AR xorop behavioral /home/ise/Xil_proj/submit/rcs2plus/xorop.vhd sub00/vhpl05 1644080165
