V3 23
FL /home/ise/Xil_proj/submit/direct/addop.vhd 2021/11/26.10:53:22 P.20131013
EN work/addop 1641136168 FL /home/ise/Xil_proj/submit/direct/addop.vhd \
      PB ieee/std_logic_1164 1381692176 PB ieee/STD_LOGIC_UNSIGNED 1381692179
AR work/addop/Behavioral 1641136169 \
      FL /home/ise/Xil_proj/submit/direct/addop.vhd EN work/addop 1641136168
FL /home/ise/Xil_proj/submit/direct/idea.vhd 2021/11/26.14:23:12 P.20131013
EN work/idea 1641136176 FL /home/ise/Xil_proj/submit/direct/idea.vhd \
      PB ieee/std_logic_1164 1381692176
AR work/idea/Structural 1641136177 \
      FL /home/ise/Xil_proj/submit/direct/idea.vhd EN work/idea 1641136176 \
      CP round CP trafo
FL /home/ise/Xil_proj/submit/direct/mulop.vhd 2021/11/26.11:54:29 P.20131013
EN work/mulop 1641136166 FL /home/ise/Xil_proj/submit/direct/mulop.vhd \
      PB ieee/std_logic_1164 1381692176 PB ieee/STD_LOGIC_UNSIGNED 1381692179
AR work/mulop/Behavioral 1641136167 \
      FL /home/ise/Xil_proj/submit/direct/mulop.vhd EN work/mulop 1641136166
FL /home/ise/Xil_proj/submit/direct/round.vhd 2021/11/19.18:08:29 P.20131013
EN work/round 1641136172 FL /home/ise/Xil_proj/submit/direct/round.vhd \
      PB ieee/std_logic_1164 1381692176
AR work/round/Behavioral 1641136173 \
      FL /home/ise/Xil_proj/submit/direct/round.vhd EN work/round 1641136172 \
      CP mulop CP addop CP xorop
FL /home/ise/Xil_proj/submit/direct/trafo.vhd 2021/11/19.19:00:05 P.20131013
EN work/trafo 1641136174 FL /home/ise/Xil_proj/submit/direct/trafo.vhd \
      PB ieee/std_logic_1164 1381692176
AR work/trafo/Behavioral 1641136175 \
      FL /home/ise/Xil_proj/submit/direct/trafo.vhd EN work/trafo 1641136174 \
      CP mulop CP addop
FL /home/ise/Xil_proj/submit/direct/xorop.vhd 2021/11/26.10:35:42 P.20131013
EN work/xorop 1641136170 FL /home/ise/Xil_proj/submit/direct/xorop.vhd \
      PB ieee/std_logic_1164 1381692176
AR work/xorop/Behavioral 1641136171 \
      FL /home/ise/Xil_proj/submit/direct/xorop.vhd EN work/xorop 1641136170
